
> arg_list <- list(
+   X = design_mat$X,
+   tstart = design_mat$Y[, 1],  tstop = design_mat$Y[, 2], events = design_mat$Y[, 3],
+   a_0 = rep(0, nco .... [TRUNCATED] 

> res <- do.call(ddhazard_fit, arg_list)

> tryCatch({
+   res_new <- do.call(ddhazard_fit_cpp_prelim, arg_list)
+ }, finally = {
+   sink()
+   close(log_file)
+ })

Hello  t = 9  t = 8  t = 7  t = 6  t = 5  t = 4  t = 3  t = 2  t = 1  t = 0 
Hello  t = 9  t = 8  t = 7  t = 6  t = 5  t = 4  t = 3  t = 2  t = 1  t = 0 
Hello  t = 9  t = 8  t = 7  t = 6  t = 5  t = 4  t = 3  t = 2  t = 1  t = 0 
Hello  t = 9  t = 8  t = 7  t = 6  t = 5  t = 4  t = 3  t = 2  t = 1  t = 0 
Hello  t = 9  t = 8  t = 7  t = 6  t = 5  t = 4  t = 3  t = 2  t = 1  t = 0 
Hello  t = 9  t = 8  t = 7  t = 6  t = 5  t = 4  t = 3  t = 2  t = 1  t = 0 
Hello  t = 9  t = 8  t = 7  t = 6  t = 5  t = 4  t = 3  t = 2  t = 1  t = 0 
Hello  t = 9  t = 8  t = 7  t = 6  t = 5  t = 4  t = 3  t = 2  t = 1  t = 0 
Hello  t = 9  t = 8  t = 7  t = 6  t = 5  t = 4  t = 3  t = 2  t = 1  t = 0 
Hello  t = 9  t = 8  t = 7  t = 6  t = 5  t = 4  t = 3  t = 2  t = 1  t = 0 
Hello  t = 9  t = 8  t = 7  t = 6  t = 5  t = 4  t = 3  t = 2  t = 1  t = 0 
Hello  t = 9  t = 8  t = 7  t = 6  t = 5  t = 4  t = 3  t = 2  t = 1  t = 0 
Hello  t = 9  t = 8  t = 7  t = 6  t = 5  t = 4  t = 3  t = 2  t = 1  t = 0 
Hello  t = 9  t = 8  t = 7  t = 6  t = 5  t = 4  t = 3  t = 2  t = 1  t = 0 
Hello  t = 9  t = 8  t = 7  t = 6  t = 5  t = 4  t = 3  t = 2  t = 1  t = 0 
Hello  t = 9  t = 8  t = 7  t = 6  t = 5  t = 4  t = 3  t = 2  t = 1  t = 0 
Hello  t = 9  t = 8  t = 7  t = 6  t = 5  t = 4  t = 3  t = 2  t = 1  t = 0 
Hello  t = 9  t = 8  t = 7  t = 6  t = 5  t = 4  t = 3  t = 2  t = 1  t = 0 
Hello  t = 9  t = 8  t = 7  t = 6  t = 5  t = 4  t = 3  t = 2  t = 1  t = 0 
Hello  t = 9  t = 8  t = 7  t = 6  t = 5  t = 4  t = 3  t = 2  t = 1  t = 0 
Hello  t = 9  t = 8  t = 7  t = 6  t = 5  t = 4  t = 3  t = 2  t = 1  t = 0 
Hello  t = 9  t = 8  t = 7  t = 6  t = 5  t = 4  t = 3  t = 2  t = 1  t = 0 
Hello  t = 9  t = 8  t = 7  t = 6  t = 5  t = 4  t = 3  t = 2  t = 1  t = 0 
Hello  t = 9  t = 8  t = 7  t = 6  t = 5  t = 4  t = 3  t = 2  t = 1  t = 0 
Hello  t = 9  t = 8  t = 7  t = 6  t = 5  t = 4  t = 3  t = 2  t = 1  t = 0 
Hello  t = 9  t = 8  t = 7  t = 6  t = 5  t = 4  t = 3  t = 2  t = 1  t = 0 
Hello  t = 9  t = 8  t = 7  t = 6  t = 5  t = 4  t = 3  t = 2  t = 1  t = 0 
Hello  t = 9  t = 8  t = 7  t = 6  t = 5  t = 4  t = 3  t = 2  t = 1  t = 0 
Hello  t = 9  t = 8  t = 7  t = 6  t = 5  t = 4  t = 3  t = 2  t = 1  t = 0 
Hello  t = 9  t = 8  t = 7  t = 6  t = 5  t = 4  t = 3  t = 2  t = 1  t = 0 
Hello  t = 9  t = 8  t = 7  t = 6  t = 5  t = 4  t = 3  t = 2  t = 1  t = 0 
Hello  t = 9  t = 8  t = 7  t = 6  t = 5  t = 4  t = 3  t = 2  t = 1  t = 0 
Hello  t = 9  t = 8  t = 7  t = 6  t = 5  t = 4  t = 3  t = 2  t = 1  t = 0 
Hello  t = 9  t = 8  t = 7  t = 6  t = 5  t = 4  t = 3  t = 2  t = 1  t = 0 
Hello  t = 9  t = 8  t = 7  t = 6  t = 5  t = 4  t = 3  t = 2  t = 1  t = 0 
Hello  t = 9  t = 8  t = 7  t = 6  t = 5  t = 4  t = 3  t = 2  t = 1  t = 0 
Hello  t = 9  t = 8  t = 7  t = 6  t = 5  t = 4  t = 3  t = 2  t = 1  t = 0 
Hello  t = 9  t = 8  t = 7  t = 6  t = 5  t = 4  t = 3  t = 2  t = 1  t = 0 
Hello  t = 9  t = 8  t = 7  t = 6  t = 5  t = 4  t = 3  t = 2  t = 1  t = 0 
Hello  t = 9  t = 8  t = 7  t = 6  t = 5  t = 4  t = 3  t = 2  t = 1  t = 0 
Hello  t = 9  t = 8  t = 7  t = 6  t = 5  t = 4  t = 3  t = 2  t = 1  t = 0 
Hello  t = 9  t = 8  t = 7  t = 6  t = 5  t = 4  t = 3  t = 2  t = 1  t = 0 
Hello  t = 9  t = 8  t = 7  t = 6  t = 5  t = 4  t = 3  t = 2  t = 1  t = 0 
Hello  t = 9  t = 8  t = 7  t = 6  t = 5  t = 4  t = 3  t = 2  t = 1  t = 0 
Hello  t = 9  t = 8  t = 7  t = 6  t = 5  t = 4  t = 3  t = 2  t = 1  t = 0 
Hello  t = 9  t = 8  t = 7  t = 6  t = 5  t = 4  t = 3  t = 2  t = 1  t = 0 
Hello  t = 9  t = 8  t = 7  t = 6  t = 5  t = 4  t = 3  t = 2  t = 1  t = 0 
Hello  t = 9  t = 8  t = 7  t = 6  t = 5  t = 4  t = 3  t = 2  t = 1  t = 0 
Hello  t = 9  t = 8  t = 7  t = 6  t = 5  t = 4  t = 3  t = 2  t = 1  t = 0 
Hello  t = 9  t = 8  t = 7  t = 6  t = 5  t = 4  t = 3  t = 2  t = 1  t = 0 
Hello  t = 9  t = 8  t = 7  t = 6  t = 5  t = 4  t = 3  t = 2  t = 1  t = 0 
Hello  t = 9  t = 8  t = 7  t = 6  t = 5  t = 4  t = 3  t = 2  t = 1  t = 0 
Hello  t = 9  t = 8  t = 7  t = 6  t = 5  t = 4  t = 3  t = 2  t = 1  t = 0 
Hello  t = 9  t = 8  t = 7  t = 6  t = 5  t = 4  t = 3  t = 2  t = 1  t = 0 
Hello  t = 9  t = 8  t = 7  t = 6  t = 5  t = 4  t = 3  t = 2  t = 1  t = 0 
Hello  t = 9  t = 8  t = 7  t = 6  t = 5  t = 4  t = 3  t = 2  t = 1  t = 0 
Hello  t = 9  t = 8  t = 7  t = 6  t = 5  t = 4  t = 3  t = 2  t = 1  t = 0 
Hello  t = 9  t = 8  t = 7  t = 6  t = 5  t = 4  t = 3  t = 2  t = 1  t = 0 
Hello  t = 9  t = 8  t = 7  t = 6  t = 5  t = 4  t = 3  t = 2  t = 1  t = 0 
Hello  t = 9  t = 8  t = 7  t = 6  t = 5  t = 4  t = 3  t = 2  t = 1  t = 0 
Hello  t = 9  t = 8  t = 7  t = 6  t = 5  t = 4  t = 3  t = 2  t = 1  t = 0 
Hello  t = 9  t = 8  t = 7  t = 6  t = 5  t = 4  t = 3  t = 2  t = 1  t = 0 
Hello  t = 9  t = 8  t = 7  t = 6  t = 5  t = 4  t = 3  t = 2  t = 1  t = 0 
Hello  t = 9  t = 8  t = 7  t = 6  t = 5  t = 4  t = 3  t = 2  t = 1  t = 0 
Hello  t = 9  t = 8  t = 7  t = 6  t = 5  t = 4  t = 3  t = 2  t = 1  t = 0 
Hello  t = 9  t = 8  t = 7  t = 6  t = 5  t = 4  t = 3  t = 2  t = 1  t = 0 
Hello  t = 9  t = 8  t = 7  t = 6  t = 5  t = 4  t = 3  t = 2  t = 1  t = 0 
Hello  t = 9  t = 8  t = 7  t = 6  t = 5  t = 4  t = 3  t = 2  t = 1  t = 0 
Hello  t = 9  t = 8  t = 7  t = 6  t = 5  t = 4  t = 3  t = 2  t = 1  t = 0 
Hello  t = 9  t = 8  t = 7  t = 6  t = 5  t = 4  t = 3  t = 2  t = 1  t = 0 
Hello  t = 9  t = 8  t = 7  t = 6  t = 5  t = 4  t = 3  t = 2  t = 1  t = 0 
Hello  t = 9  t = 8  t = 7  t = 6  t = 5  t = 4  t = 3  t = 2  t = 1  t = 0 
Hello  t = 9  t = 8  t = 7  t = 6  t = 5  t = 4  t = 3  t = 2  t = 1  t = 0 
Hello  t = 9  t = 8  t = 7  t = 6  t = 5  t = 4  t = 3  t = 2  t = 1  t = 0 
Hello  t = 9  t = 8  t = 7  t = 6  t = 5  t = 4  t = 3  t = 2  t = 1  t = 0 
Hello  t = 9  t = 8  t = 7  t = 6  t = 5  t = 4  t = 3  t = 2  t = 1  t = 0 
Hello  t = 9  t = 8  t = 7  t = 6  t = 5  t = 4  t = 3  t = 2  t = 1  t = 0 
Hello  t = 9  t = 8  t = 7  t = 6  t = 5  t = 4  t = 3  t = 2  t = 1  t = 0 
Hello  t = 9  t = 8  t = 7  t = 6  t = 5  t = 4  t = 3  t = 2  t = 1  t = 0 
Hello  t = 9  t = 8  t = 7  t = 6  t = 5  t = 4  t = 3  t = 2  t = 1  t = 0 
Hello  t = 9  t = 8  t = 7  t = 6  t = 5  t = 4  t = 3  t = 2  t = 1  t = 0 
Hello  t = 9  t = 8  t = 7  t = 6  t = 5  t = 4  t = 3  t = 2  t = 1  t = 0 
Hello  t = 9  t = 8  t = 7  t = 6  t = 5  t = 4  t = 3  t = 2  t = 1  t = 0 
Hello  t = 9  t = 8  t = 7  t = 6  t = 5  t = 4  t = 3  t = 2  t = 1  t = 0 
Hello  t = 9  t = 8  t = 7  t = 6  t = 5  t = 4  t = 3  t = 2  t = 1  t = 0 
Hello  t = 9  t = 8  t = 7  t = 6  t = 5  t = 4  t = 3  t = 2  t = 1  t = 0 
Hello  t = 9  t = 8  t = 7  t = 6  t = 5  t = 4  t = 3  t = 2  t = 1  t = 0 
Hello  t = 9  t = 8  t = 7  t = 6  t = 5  t = 4  t = 3  t = 2  t = 1  t = 0 
Hello  t = 9  t = 8  t = 7  t = 6  t = 5  t = 4  t = 3  t = 2  t = 1  t = 0 
Hello  t = 9  t = 8  t = 7  t = 6  t = 5  t = 4  t = 3  t = 2  t = 1  t = 0 
Hello  t = 9  t = 8  t = 7  t = 6  t = 5  t = 4  t = 3  t = 2  t = 1  t = 0 
Hello  t = 9  t = 8  t = 7  t = 6  t = 5  t = 4  t = 3  t = 2  t = 1  t = 0 
Hello  t = 9  t = 8  t = 7  t = 6  t = 5  t = 4  t = 3  t = 2  t = 1  t = 0 
Hello  t = 9  t = 8  t = 7  t = 6  t = 5  t = 4  t = 3  t = 2  t = 1  t = 0 
Hello  t = 9  t = 8  t = 7  t = 6  t = 5  t = 4  t = 3  t = 2  t = 1  t = 0 
Hello  t = 9  t = 8  t = 7  t = 6  t = 5  t = 4  t = 3  t = 2  t = 1  t = 0 
Hello  t = 9  t = 8  t = 7  t = 6  t = 5  t = 4  t = 3  t = 2  t = 1  t = 0 
Hello  t = 9  t = 8  t = 7  t = 6  t = 5  t = 4  t = 3  t = 2  t = 1  t = 0 
Hello  t = 9  t = 8  t = 7  t = 6  t = 5  t = 4  t = 3  t = 2  t = 1  t = 0 
Hello  t = 9  t = 8  t = 7  t = 6  t = 5  t = 4  t = 3  t = 2  t = 1  t = 0 
Hello  t = 9  t = 8  t = 7  t = 6  t = 5  t = 4  t = 3  t = 2  t = 1  t = 0 
Hello  t = 9  t = 8  t = 7  t = 6  t = 5  t = 4  t = 3  t = 2  t = 1  t = 0 
> sum(design_mat$Y[, 3])
[1] 418

> tryCatch({
+   res_new <- do.call(ddhazard_fit_cpp_prelim, arg_list)
+ }, finally = {
+   sink()
+   close(log_file)
+ })
Begin hey Boh ya ye 9 1000 1000 y0 jep a b b b b b b b b ? 1 2 3 4 end Begin hey Boh ya ye 9 973 973 y0 jep a b b b b b b b b ? 1 2 3 4 end Begin hey Boh ya ye 9 923 923 y0 jep a b b b b b b b b ? 1 2 3 4 end Begin hey Boh ya ye 9 882 882 y0 jep a b b b b b b b b ? 1 2 3 4 end Begin hey Boh ya ye 9 860 860 y0 jep a b b b b b b b b ? 1 2 3 4 end Begin hey Boh ya ye 9 835 835 y0 jep a b b b b b b b b ? 1 2 3 4 end Begin hey Boh ya ye 9 806 806 y0 jep a b b b b b b b b ? 1 2 3 4 end Begin hey Boh ya ye 9 748 748 y0 jep a b b b b b b b b ? 1 2 3 4 end Begin hey Boh ya ye 9 708 708 y0 jep a b b b b b b b b ? 1 2 3 4 end Begin hey Boh ya ye 9 654 654 y0 jep a b b b b b b b b ? 1 2 3 4 end 
Hello  t = 9  t = 8  t = 7  t = 6  t = 5  t = 4  t = 3  t = 2  t = 1  t = 0 Begin hey Boh ya ye 9 1000 1000 y0 jep a b b b b b b b b ? 1 2 3 4 end Begin hey Boh ya ye 9 973 973 y0 jep a b b b b b b b b ? 1 2 3 4 end Begin hey Boh ya ye 9 923 923 y0 jep a b b b b b b b b ? 1 2 3 4 end Begin hey Boh ya ye 9 882 882 y0 jep a b b b b b b b b ? 1 2 3 4 end Begin hey Boh ya ye 9 860 860 y0 jep a b b b b b b b b ? 1 2 3 4 end Begin hey Boh ya ye 9 835 835 y0 jep a b b b b b b b b ? 1 2 3 4 end Begin hey Boh ya ye 9 806 806 y0 jep a b b b b b b b b ? 1 2 3 4 end Begin hey Boh ya ye 9 748 748 y0 jep a b b b b b b b b ? 1 2 3 4 end Begin hey Boh ya ye 9 708 708 y0 jep a b b b b b b b b ? 1 2 3 4 end Begin hey Boh ya ye 9 654 654 y0 jep a b b b b b b b b ? 1 2 3 4 end 
Hello  t = 9  t = 8  t = 7  t = 6  t = 5  t = 4  t = 3  t = 2  t = 1  t = 0 Begin hey Boh ya ye 9 1000 1000 y0 jep a b b b b b b b b ? 1 2 3 4 end Begin hey Boh ya ye 9 973 973 y0 jep a b b b b b b b b ? 1 2 3 4 end Begin hey Boh ya ye 9 923 923 y0 jep a b b b b b b b b ? 1 2 3 4 end Begin hey Boh ya ye 9 882 882 y0 jep a b b b b b b b b ? 1 2 3 4 end Begin hey Boh ya ye 9 860 860 y0 jep a b b b b b b b b ? 1 2 3 4 end Begin hey Boh ya ye 9 835 835 y0 jep a b b b b b b b b ? 1 2 3 4 end Begin hey Boh ya ye 9 806 806 y0 jep a b b b b b b b b ? 1 2 3 4 end Begin hey Boh ya ye 9 748 748 y0 jep a b b b b b b b b ? 1 2 3 4 end Begin hey Boh ya ye 9 708 708 y0 jep a b b b b b b b b ? 1 2 3 4 end Begin hey Boh ya ye 9 654 654 y0 jep a b b b b b b b b ? 1 2 3 4 end 
Hello  t = 9  t = 8  t = 7  t = 6  t = 5  t = 4  t = 3  t = 2  t = 1  t = 0 Begin hey Boh ya ye 9 1000 1000 y0 jep a b b b b b b b b ? 1 2 3 4 end Begin hey Boh ya ye 9 973 973 y0 jep a b b b b b b b b ? 1 2 3 4 end Begin hey Boh ya ye 9 923 923 y0 jep a b b b b b b b b ? 1 2 3 4 end Begin hey Boh ya ye 9 882 882 y0 jep a b b b b b b b b ? 1 2 3 4 end Begin hey Boh ya ye 9 860 860 y0 jep a b b b b b b b b ? 1 2 3 4 end Begin hey Boh ya ye 9 835 835 y0 jep a b b b b b b b b ? 1 2 3 4 end Begin hey Boh ya ye 9 806 806 y0 jep a b b b b b b b b ? 1 2 3 4 end Begin hey Boh ya ye 9 748 748 y0 jep a b b b b b b b b ? 1 2 3 4 end Begin hey Boh ya ye 9 708 708 y0 jep a b b b b b b b b ? 1 2 3 4 end Begin hey Boh ya ye 9 654 654 y0 jep a b b b b b b b b ? 1 2 3 4 end 
Hello  t = 9  t = 8  t = 7  t = 6  t = 5  t = 4  t = 3  t = 2  t = 1  t = 0 Begin hey Boh ya ye 9 1000 1000 y0 jep a b b b b b b b b ? 1 2 3 4 end Begin hey Boh ya ye 9 973 973 y0 jep a b b b b b b b b ? 1 2 3 4 end Begin hey Boh ya ye 9 923 923 y0 jep a b b b b b b b b ? 1 2 3 4 end Begin hey Boh ya ye 9 882 882 y0 jep a b b b b b b b b ? 1 2 3 4 end Begin hey Boh ya ye 9 860 860 y0 jep a b b b b b b b b ? 1 2 3 4 end Begin hey Boh ya ye 9 835 835 y0 jep a b b b b b b b b ? 1 2 3 4 end Begin hey Boh ya ye 9 806 806 y0 jep a b b b b b b b b ? 1 2 3 4 end Begin hey Boh ya ye 9 748 748 y0 jep a b b b b b b b b ? 1 2 3 4 end Begin hey Boh ya ye 9 708 708 y0 jep a b b b b b b b b ? 1 2 3 4 end Begin hey Boh ya ye 9 654 654 y0 jep a b b b b b b b b ? 1 2 3 4 end 
Hello  t = 9  t = 8  t = 7  t = 6  t = 5  t = 4  t = 3  t = 2  t = 1  t = 0 Begin hey Boh ya ye 9 1000 1000 y0 jep a b b b b b b b b ? 1 2 3 4 end Begin hey Boh ya ye 9 973 973 y0 jep a b b b b b b b b ? 1 2 3 4 end Begin hey Boh ya ye 9 923 923 y0 jep a b b b b b b b b ? 1 2 3 4 end Begin hey Boh ya ye 9 882 882 y0 jep a b b b b b b b b ? 1 2 3 4 end Begin hey Boh ya ye 9 860 860 y0 jep a b b b b b b b b ? 1 2 3 4 end Begin hey Boh ya ye 9 835 835 y0 jep a b b b b b b b b ? 1 2 3 4 end Begin hey Boh ya ye 9 806 806 y0 jep a b b b b b b b b ? 1 2 3 4 end Begin hey Boh ya ye 9 748 748 y0 jep a b b b b b b b b ? 1 2 3 4 end Begin hey Boh ya ye 9 708 708 y0 jep a b b b b b b b b ? 1 2 3 4 end Begin hey Boh ya ye 9 654 654 y0 jep a b b b b b b b b ? 1 2 3 4 end 
Hello  t = 9  t = 8  t = 7  t = 6  t = 5  t = 4  t = 3  t = 2  t = 1  t = 0 Begin hey Boh ya ye 9 1000 1000 y0 jep a b b b b b b b b ? 1 2 3 4 end Begin hey Boh ya ye 9 973 973 y0 jep a b b b b b b b b ? 1 2 3 4 end Begin hey Boh ya ye 9 923 923 y0 jep a b b b b b b b b ? 1 2 3 4 end Begin hey Boh ya ye 9 882 882 y0 jep a b b b b b b b b ? 1 2 3 4 end Begin hey Boh ya ye 9 860 860 y0 jep a b b b b b b b b ? 1 2 3 4 end Begin hey Boh ya ye 9 835 835 y0 jep a b b b b b b b b ? 1 2 3 4 end Begin hey Boh ya ye 9 806 806 y0 jep a b b b b b b b b ? 1 2 3 4 end Begin hey Boh ya ye 9 748 748 y0 jep a b b b b b b b b ? 1 2 3 4 end Begin hey Boh ya ye 9 708 708 y0 jep a b b b b b b b b ? 1 2 3 4 end Begin hey Boh ya ye 9 654 654 y0 jep a b b b b b b b b ? 1 2 3 4 end 
Hello  t = 9  t = 8  t = 7  t = 6  t = 5  t = 4  t = 3  t = 2  t = 1  t = 0 Begin hey Boh ya ye 9 1000 1000 y0 jep a b b b b b b b b ? 1 2 3 4 end Begin hey Boh ya ye 9 973 973 y0 jep a b b b b b b b b ? 1 2 3 4 end Begin hey Boh ya ye 9 923 923 y0 jep a b b b b b b b b ? 1 2 3 4 end Begin hey Boh ya ye 9 882 882 y0 jep a b b b b b b b b ? 1 2 3 4 end Begin hey Boh ya ye 9 860 860 y0 jep a b b b b b b b b ? 1 2 3 4 end Begin hey Boh ya ye 9 835 835 y0 jep a b b b b b b b b ? 1 2 3 4 end Begin hey Boh ya ye 9 806 806 y0 jep a b b b b b b b b ? 1 2 3 4 end Begin hey Boh ya ye 9 748 748 y0 jep a b b b b b b b b ? 1 2 3 4 end Begin hey Boh ya ye 9 708 708 y0 jep a b b b b b b b b ? 1 2 3 4 end Begin hey Boh ya ye 9 654 654 y0 jep a b b b b b b b b ? 1 2 3 4 end 
Hello  t = 9  t = 8  t = 7  t = 6  t = 5  t = 4  t = 3  t = 2  t = 1  t = 0 Begin hey Boh ya ye 9 1000 1000 y0 jep a b b b b b b b b ? 1 2 3 4 end Begin hey Boh ya ye 9 973 973 y0 jep a b b b b b b b b ? 1 2 3 4 end Begin hey Boh ya ye 9 923 923 y0 jep a b b b b b b b b ? 1 2 3 4 end Begin hey Boh ya ye 9 882 882 y0 jep a b b b b b b b b ? 1 2 3 4 end Begin hey Boh ya ye 9 860 860 y0 jep a b b b b b b b b ? 1 2 3 4 end Begin hey Boh ya ye 9 835 835 y0 jep a b b b b b b b b ? 1 2 3 4 end Begin hey Boh ya ye 9 806 806 y0 jep a b b b b b b b b ? 1 2 3 4 end Begin hey Boh ya ye 9 748 748 y0 jep a b b b b b b b b ? 1 2 3 4 end Begin hey Boh ya ye 9 708 708 y0 jep a b b b b b b b b ? 1 2 3 4 end Begin hey Boh ya ye 9 654 654 y0 jep a b b b b b b b b ? 1 2 3 4 end 
Hello  t = 9  t = 8  t = 7  t = 6  t = 5  t = 4  t = 3  t = 2  t = 1  t = 0 Begin hey Boh ya ye 9 1000 1000 y0 jep a b b b b b b b b ? 1 2 3 4 end Begin hey Boh ya ye 9 973 973 y0 jep a b b b b b b b b ? 1 2 3 4 end Begin hey Boh ya ye 9 923 923 y0 jep a b b b b b b b b ? 1 2 3 4 end Begin hey Boh ya ye 9 882 882 y0 jep a b b b b b b b b ? 1 2 3 4 end Begin hey Boh ya ye 9 860 860 y0 jep a b b b b b b b b ? 1 2 3 4 end Begin hey Boh ya ye 9 835 835 y0 jep a b b b b b b b b ? 1 2 3 4 end Begin hey Boh ya ye 9 806 806 y0 jep a b b b b b b b b ? 1 2 3 4 end Begin hey Boh ya ye 9 748 748 y0 jep a b b b b b b b b ? 1 2 3 4 end Begin hey Boh ya ye 9 708 708 y0 jep a b b b b b b b b ? 1 2 3 4 end Begin hey Boh ya ye 9 654 654 y0 jep a b b b b b b b b ? 1 2 3 4 end 
Hello  t = 9  t = 8  t = 7  t = 6  t = 5  t = 4  t = 3  t = 2  t = 1  t = 0 Begin hey Boh ya ye 9 1000 1000 y0 jep a b b b b b b b b ? 1 2 3 4 end Begin hey Boh ya ye 9 973 973 y0 jep a b b b b b b b b ? 
error: inv_sympd(): matrix is singular or not positive definite
